// Jest Snapshot v1, https://goo.gl/fbAQLP

exports[`Header tests is a basic snapshot 1`] = `
<header
  class="MuiPaper-root MuiPaper-elevation MuiPaper-elevation4 MuiAppBar-root MuiAppBar-colorPrimary MuiAppBar-positionFixed mui-fixed css-4efeke-MuiPaper-root-MuiAppBar-root"
  data-testid="header"
>
  <div
    class="MuiBox-root css-sdx3s9"
  >
    <button
      class="MuiButtonBase-root MuiIconButton-root MuiIconButton-sizeMedium css-ubps8a-MuiButtonBase-root-MuiIconButton-root"
      tabindex="0"
      type="button"
    >
      <svg
        aria-hidden="true"
        class="MuiSvgIcon-root MuiSvgIcon-fontSizeMedium css-i4bv87-MuiSvgIcon-root"
        data-testid="MenuIcon"
        focusable="false"
        viewBox="0 0 24 24"
      >
        <path
          d="M3 18h18v-2H3v2zm0-5h18v-2H3v2zm0-7v2h18V6H3z"
        />
      </svg>
      open navigation menu
      <span
        class="MuiTouchRipple-root css-8je8zh-MuiTouchRipple-root"
      />
    </button>
    <a
      class="MuiTypography-root MuiTypography-inherit MuiLink-root MuiLink-underlineAlways css-112rk81-MuiTypography-root-MuiLink-root"
      data-testid="logo-link"
      href="/contacts"
    >
      <img
        alt="logo"
        class="css-12pywbb"
        src="assets"
      />
    </a>
    <form
      class="css-1pho46g"
      data-testid="search-form"
      novalidate=""
    >
      <div
        class="MuiBox-root css-19sk4h4"
        role="search"
      >
        <button
          class="MuiButtonBase-root MuiIconButton-root MuiIconButton-sizeMedium css-13pwdle-MuiButtonBase-root-MuiIconButton-root"
          tabindex="0"
          type="submit"
        >
          <svg
            aria-hidden="true"
            class="MuiSvgIcon-root MuiSvgIcon-fontSizeMedium css-i4bv87-MuiSvgIcon-root"
            data-testid="SearchIcon"
            focusable="false"
            viewBox="0 0 24 24"
          >
            <path
              d="M15.5 14h-.79l-.28-.27C15.41 12.59 16 11.11 16 9.5 16 5.91 13.09 3 9.5 3S3 5.91 3 9.5 5.91 16 9.5 16c1.61 0 3.09-.59 4.23-1.57l.27.28v.79l5 4.99L20.49 19l-4.99-5zm-6 0C7.01 14 5 11.99 5 9.5S7.01 5 9.5 5 14 7.01 14 9.5 11.99 14 9.5 14z"
            />
          </svg>
        </button>
        <label
          class="css-inngth"
          for="main-search"
        >
          Search about documents
        </label>
        <div
          class="MuiInputBase-root MuiInput-root MuiInput-underline MuiInputBase-colorPrimary css-15tv2wk-MuiInputBase-root-MuiInput-root"
          required=""
        >
          <input
            aria-describedby="main-search-helper-text"
            aria-invalid="false"
            class="MuiInputBase-input MuiInput-input css-1x51dt5-MuiInputBase-input-MuiInput-input"
            id="main-search"
            name="search"
            placeholder="Search by Name..."
            required=""
            type="text"
            value=""
          />
        </div>
      </div>
    </form>
    <div
      class="MuiBox-root css-ro3nde"
      data-testid="profile"
    >
      <div
        class="MuiAvatar-root MuiAvatar-circular css-quq592-MuiAvatar-root"
      >
        <img
          alt="Mr. Director avatar"
          class="MuiAvatar-img css-1pqm26d-MuiAvatar-img"
          src="assets"
        />
      </div>
      <div
        class=" MuiBox-root css-yi99sy"
      >
        <p
          class="MuiTypography-root MuiTypography-body1 css-14tr2nh-MuiTypography-root"
        >
          Mr. Director
        </p>
        <p
          class="MuiTypography-root MuiTypography-body1 css-j1f0n7-MuiTypography-root"
        >
          Managing Director
        </p>
      </div>
    </div>
  </div>
</header>
`;
